// Jest Snapshot v1, https://goo.gl/fbAQLP

exports[`Sidebar matches the snapshot 1`] = `
<DocumentFragment>
  <aside
    class="sidebar__aside"
  >
    <div
      class="banner --desktop --large"
    />
    <div
      class="com-ranking hlp-none hlp-tablet-none"
    >
      <h2
        class="com-title-section-m"
      >
        Recetas más leídas
      </h2>
    </div>
    <div
      class="banner --desktop --large"
    />
  </aside>
</DocumentFragment>
`;
